// Jest Snapshot v1, https://goo.gl/fbAQLP

exports[`SubHeader Component renders correctly with mockProps 1`] = `
<div>
  <section
    class="pt-10 pb-20 bg-gradient-to-b from-primary-gradient-start to-primary-gradient-end text-primary md:pt-8 md:pb-14 sm:pt-4 sm:pb-4"
  >
    <div
      class="container"
    >
      <nav
        aria-label="breadcrumb"
      >
        <ol
          class="flex w-fit text-sm text-primary"
        >
          <li
            class=""
          >
            <a
              class="hover:underline"
              href="/"
            >
              Home
            </a>
            <span
              class="mx-6"
            >
              /
            </span>
          </li>
          <li
            class="font-primary-bold"
          >
            Products
          </li>
        </ol>
      </nav>
      <h1
        class="mt-10 text-3xl font-secondary-bold md:mt-6 sm:mt-4"
      >
        Product Page
      </h1>
      <p
        class="mt-6 w-[508px] font-md text-justify leading-2 sm:w-full"
      >
        Browse our products
      </p>
    </div>
  </section>
</div>
`;
